app/search/page.tsx(10,17): error TS2339: Property 'isLoading' does not exist on type '{ refetch: () => Promise<void>; data: FetchResponse<Movie | TVShow> | null; loading: boolean; error: string | null; }'.
app/tv/[id]/page.tsx(17,23): error TS2339: Property 'isLoading' does not exist on type '{ refetch: () => Promise<void>; data: TVShow | null; loading: boolean; error: string | null; }'.
app/tv/[id]/season/[seasonNumber]/page.tsx(17,25): error TS2339: Property 'isLoading' does not exist on type '{ refetch: () => Promise<void>; data: Season | null; loading: boolean; error: string | null; }'.
